---
source: crates/accelbyte-ags-cli/src/frontend/terminal/fullscreen/nav.rs
expression: nav_to_text(&phase)
---
┌ Navigation ──────────────────────────────────────────────────────────────────┐
│                                                                              │
│  [Tab] move · [Enter] edit/cycle · [Space] toggle/cycle · [Esc] cancel       │
│                                                                              │
└──────────────────────────────────────────────────────────────────────────────┘
