---
source: crates/accelbyte-ags-cli/src/frontend/terminal/fullscreen/phases/fields.rs
expression: render_to_text(&panel)
---
┌ Step 0 ──────────────────────────────────────────────────────────────────────┐
│                                                                              │
│  Provide inputs                                                              │
│                                                                              │
│                                                                              │
│                                                                              │
└──────────────────────────────────────────────────────────────────────────────┘
┌ Parameters ──────────────────────────────────────────────────────────────────┐
│                                                                              │
│  Inputs                                                                      │
│                                                                              │
│  ▸ user-id:     []                                                           │
│                                                                              │
│                                                                              │
│  [ Confirm ]                                                                 │
│                                                                              │
│  ┌────────────────────────────────────────────────────────────────────────┐  │
│  │ The player to target                                                   │  │
│  │                                                                        │  │
│  └────────────────────────────────────────────────────────────────────────┘  │
│                                                                              │
│                                                                              │
│                                                                              │
└──────────────────────────────────────────────────────────────────────────────┘
